	Command being timed: "bash demultiplexing_log2_and_check.sh -d /group/sldmunozgrp/cysto_LMGSeq08-25/sam_basecalled_flu_2025/Quad_Triple_Susie_103125/ -r /group/sldmunozgrp/cysto_LMGSeq08-25/sam_basecalled_flu_2025/Quad_Triple_Susie_103125/Quad_Triple_Susie_calls_2025-12-17_T22-26-30.fastq -p /group/sldmunozgrp/cysto_LMGSeq08-25/sam_basecalled_flu_2025/Quad_Triple_Susie_103125/plate_barcodes.fasta -w /group/sldmunozgrp/cysto_LMGSeq08-25/sam_basecalled_flu_2025/Quad_Triple_Susie_103125/well_barcodes.fasta -c 1 -l 50"
	User time (seconds): 80638.16
	System time (seconds): 952.10
	Percent of CPU this job got: 1355%
	Elapsed (wall clock) time (h:mm:ss or m:ss): 1:40:18
	Average shared text size (kbytes): 0
	Average unshared data size (kbytes): 0
	Average stack size (kbytes): 0
	Average total size (kbytes): 0
	Maximum resident set size (kbytes): 10739584
	Average resident set size (kbytes): 0
	Major (requiring I/O) page faults: 6
	Minor (reclaiming a frame) page faults: 40666783
	Voluntary context switches: 96897159
	Involuntary context switches: 1662216
	Swaps: 0
	File system inputs: 92996712
	File system outputs: 245525368
	Socket messages sent: 0
	Socket messages received: 0
	Signals delivered: 0
	Page size (bytes): 4096
	Exit status: 0
